<html>
<body>
<pre>
<h1>µVision Build Log</h1>
<h2>Project:</h2>
E:\v24he5s18\ARM\majorproj\project.uvproj
Project File Date:  08/01/2025

<h2>Output:</h2>
Build target 'Target 1'
assembling Startup.s...
compiling delay.c...
compiling dml.c...
compiling i2c.c...
compiling i2c_eeprom.c...
compiling lcd.c...
compiling main.c...
main.c(22): warning:  #550-D: variable "pass_len" was set but never used
main.c:         int l,pass_len;
main.c:               ^
main.c: main.c: 1 warning, 0 errors
compiling uart_init.c...
compiling sipo.c...
linking...
Program Size: Code=5812 RO-data=32 RW-data=824 ZI-data=1560  
FromELF: creating hex file...
"project.axf" - 0 Error(s), 1 Warning(s).
